# vsim -vopt work.top -voptargs="+acc=npr" -assertdebug -l simulation.log -coverage -c -do "coverage save -onexit -assert -directive -cvg -codeAll coverage.ucdb; run -all; exit" 
# Start time: 00:30:03 on Sep 25,2025
# ** Note: (vsim-3812) Design is being optimized...
# ** Note: (vopt-143) Recognized 1 FSM in module "master_bridge(fast)".
# ** Warning: apb_top.sv(49): (vopt-2685) [TFMPC] - Too few port connections for 'ASSERT'.  Expected 9, found 8.
# ** Warning: apb_top.sv(49): (vopt-2718) [TFMPC] - Missing connection for port 'apb_read_data_out'.
# //  Questa Sim
# //  Version 10.6c linux Jul 25 2017
# //
# //  Copyright 1991-2017 Mentor Graphics Corporation
# //  All Rights Reserved.
# //
# //  QuestaSim and its associated documentation contain trade
# //  secrets and commercial or financial information that are the property of
# //  Mentor Graphics Corporation and are privileged, confidential,
# //  and exempt from disclosure under the Freedom of Information Act,
# //  5 U.S.C. Section 552. Furthermore, this information
# //  is prohibited from disclosure under the Trade Secrets Act,
# //  18 U.S.C. Section 1905.
# //
# Loading sv_std.std
# Loading work.apb_if(fast)
# Loading mtiUvm.uvm_pkg
# Loading work.apb_package(fast)
# Loading work.top(fast)
# Loading work.apb_if(fast)
# Loading work.apb_assertions(fast)
# Loading work.APB_Protocol(fast)
# Loading work.master_bridge(fast)
# Loading work.slave1(fast)
# Loading work.slave2(fast)
# Loading mtiUvm.questa_uvm_pkg(fast)
# ** Warning: (vsim-3015) apb_top.sv(49): [PCDPC] - Port size (1) does not match connection size (9) for port 'apb_write_paddr'. The port definition is at: apb_assertions.sv(6).
#    Time: 0 ns  Iteration: 0  Instance: /top/vif/ASSERT File: apb_assertions.sv
# ** Warning: (vsim-3015) apb_top.sv(49): [PCDPC] - Port size (1) does not match connection size (9) for port 'apb_read_paddr'. The port definition is at: apb_assertions.sv(7).
#    Time: 0 ns  Iteration: 0  Instance: /top/vif/ASSERT File: apb_assertions.sv
# ** Warning: (vsim-3015) apb_top.sv(49): [PCDPC] - Port size (1) does not match connection size (8) for port 'apb_write_data'. The port definition is at: apb_assertions.sv(8).
#    Time: 0 ns  Iteration: 0  Instance: /top/vif/ASSERT File: apb_assertions.sv
# Loading /tools/mentor/questasim_10.6c/questasim/uvm-1.1d/linux/uvm_dpi.so
# coverage save -onexit -assert -directive -cvg -codeAll coverage.ucdb
#  run -all
# ----------------------------------------------------------------
# UVM-1.1d
# (C) 2007-2013 Mentor Graphics Corporation
# (C) 2007-2013 Cadence Design Systems, Inc.
# (C) 2006-2013 Synopsys, Inc.
# (C) 2011-2013 Cypress Semiconductor Corp.
# ----------------------------------------------------------------
# 
#   ***********       IMPORTANT RELEASE NOTES         ************
# 
#   You are using a version of the UVM library that has been compiled
#   with `UVM_NO_DEPRECATED undefined.
#   See http://www.eda.org/svdb/view.php?id=3313 for more details.
# 
#   You are using a version of the UVM library that has been compiled
#   with `UVM_OBJECT_MUST_HAVE_CONSTRUCTOR undefined.
#   See http://www.eda.org/svdb/view.php?id=3770 for more details.
# 
#       (Specify +UVM_NO_RELNOTES to turn off this notice)
# 
# UVM_INFO verilog_src/questa_uvm_pkg-1.2/src/questa_uvm_pkg.sv(215) @ 0: reporter [Questa UVM] QUESTA_UVM-1.2.3
# UVM_INFO verilog_src/questa_uvm_pkg-1.2/src/questa_uvm_pkg.sv(217) @ 0: reporter [Questa UVM]  questa_uvm::init(+struct)
# UVM_INFO @ 0: reporter [RNTST] Running test regression_test...
# UVM_INFO apb_environment.sv(23) @ 0: uvm_test_top.apb_env [ENV] Build: agent='{m_leaf_name:"apb_agent_1", m_inst_id:485, use_uvm_seeding:1, m_inst_count:549, __m_uvm_status_container:@uvm_status_container@1, m_rh:@uvm_report_handler@74, enable_stop_interrupt:0, print_enabled:1, recorder:null, m_domain:@uvm_domain@2, m_phase_imps:'{ }, m_current_phase:null, m_phase_process:null, m_build_done:0, m_phasing_active:0, m_parent:@apb_environment@1, m_children:'{ }, m_children_by_handle:'{ }, m_stream_handle:'{ }, m_tr_h:'{ }, m_name:"uvm_test_top.apb_env.apb_agent_1", event_pool:@uvm_object_string_pool__1@3, recording_detail:0, m_verbosity_settings:'{}, m_config_set:1, print_config_matches:0, type_name:"uvm_component", m_time_settings:'{}, is_active:UVM_ACTIVE, type_name:"uvm_agent", drv:null, seqr:null, mon_in:null, type_name:"apb_active_agent"}, scoreboard='{m_leaf_name:"apb_scoreboard_1", m_inst_id:499, use_uvm_seeding:1, m_inst_count:549, __m_uvm_status_container:@uvm_status_container@1, m_rh:@uvm_report_handler@76, enable_stop_interrupt:0, print_enabled:1, recorder:null, m_domain:@uvm_domain@2, m_phase_imps:'{ }, m_current_phase:null, m_phase_process:null, m_build_done:0, m_phasing_active:0, m_parent:@apb_environment@1, m_children:'{"inp_mon_port":@uvm_port_component__6@2, "out_mon_port":@uvm_port_component__6@1 }, m_children_by_handle:'{@uvm_port_component__6@1:@uvm_port_component__6@1, @uvm_port_component__6@2:@uvm_port_component__6@2 }, m_stream_handle:'{ }, m_tr_h:'{ }, m_name:"uvm_test_top.apb_env.apb_scoreboard_1", event_pool:@uvm_object_string_pool__1@5, recording_detail:0, m_verbosity_settings:'{}, m_config_set:1, print_config_matches:0, type_name:"uvm_component", m_time_settings:'{}, type_name:"uvm_scoreboard", mem:'{x, x, x, x, x, x, x, x, x, x, x, x, x, x, x, x, x, x, x, x, x, x, x, x, x, x, x, x, x, x, x, x, x, x, x, x, x, x, x, x, x, x, x, x, x, x, x, x, x, x, x, x, x, x, x, x, x, x, x, x, x, x, x, x, x, x, x, x, x, x, x, x, x, x, x, x, x, x, x, x, x, x, x, x, x, x, x, x, x, x, x, x, x, x, x, x, x, x, x, x, x, x, x, x, x, x, x, x, x, x, x, x, x, x, x, x, x, x, x, x, x, x, x, x, x, x, x, x, x, x, x, x, x, x, x, x, x, x, x, x, x, x, x, x, x, x, x, x, x, x, x, x, x, x, x, x, x, x, x, x, x, x, x, x, x, x, x, x, x, x, x, x, x, x, x, x, x, x, x, x, x, x, x, x, x, x, x, x, x, x, x, x, x, x, x, x, x, x, x, x, x, x, x, x, x, x, x, x, x, x, x, x, x, x, x, x, x, x, x, x, x, x, x, x, x, x, x, x, x, x, x, x, x, x, x, x, x, x, x, x, x, x, x, x, x, x, x, x, x, x, x, x, x, x, x, x, x, x, x, x, x, x, x, x, x, x, x, x, x, x, x, x, x, x, x, x, x, x, x, x, x, x, x, x, x, x, x, x, x, x, x, x, x, x, x, x, x, x, x, x, x, x, x, x, x, x, x, x, x, x, x, x, x, x, x, x, x, x, x, x, x, x, x, x, x, x, x, x, x, x, x, x, x, x, x, x, x, x, x, x, x, x, x, x, x, x, x, x, x, x, x, x, x, x, x, x, x, x, x, x, x, x, x, x, x, x, x, x, x, x, x, x, x, x, x, x, x, x, x, x, x, x, x, x, x, x, x, x, x, x, x, x, x, x, x, x, x, x, x, x, x, x, x, x, x, x, x, x, x, x, x, x, x, x, x, x, x, x, x, x, x, x, x, x, x, x, x, x, x, x, x, x, x, x, x, x, x, x, x, x, x, x, x, x, x, x, x, x, x, x, x, x, x, x, x, x, x, x, x, x, x, x, x, x, x, x, x, x, x, x, x, x, x, x, x, x, x, x, x, x, x, x, x, x, x, x, x, x, x, x, x, x, x, x, x, x, x, x, x, x, x, x, x, x, x, x, x, x, x, x, x, x}, PASS:0, FAIL:0, prev_data:x, inp_q:'{}, out_q:'{}, out_mon_port:@uvm_analysis_imp_out_mon_scb__1@1, inp_mon_port:@uvm_analysis_imp_in_mon_scb__1@1, inp_mon_item:null, out_mon_item:null, vif:null, type_name:"apb_scoreboard"}
# UVM_INFO @ 0: reporter [UVMTOP] UVM testbench topology:
# --------------------------------------------------------------------------
# Name                             Type                          Size  Value
# --------------------------------------------------------------------------
# uvm_test_top                     regression_test               -     @471 
#   apb_env                        apb_environment               -     @478 
#     apb_agent_1                  apb_active_agent              -     @485 
#       drv                        apb_driver                    -     @659 
#         rsp_port                 uvm_analysis_port             -     @674 
#         seq_item_port            uvm_seq_item_pull_port        -     @666 
#       mon_in                     apb_input_monitor             -     @682 
#         item_collected_in_port   uvm_analysis_port             -     @689 
#       seqr                       apb_sequencer                 -     @550 
#         rsp_export               uvm_analysis_export           -     @557 
#         seq_item_export          uvm_seq_item_pull_imp         -     @651 
#         arbitration_queue        array                         0     -    
#         lock_queue               array                         0     -    
#         num_last_reqs            integral                      32    'd1  
#         num_last_rsps            integral                      32    'd1  
#     apb_agent_2                  apb_passive_agent             -     @492 
#       mon_out                    apb_output_monitor            -     @709 
#         item_collected_out_port  uvm_analysis_port             -     @716 
#     apb_coverage_1               apb_coverage                  -     @522 
#       aport_ip_mon               uvm_analysis_imp_act_mon_cg   -     @529 
#       aport_out_mon              uvm_analysis_imp_pass_mon_cg  -     @537 
#     apb_scoreboard_1             apb_scoreboard                -     @499 
#       inp_mon_port               uvm_analysis_imp_in_mon_scb   -     @514 
#       out_mon_port               uvm_analysis_imp_out_mon_scb  -     @506 
# --------------------------------------------------------------------------
# 
# 
# <-------------------------------------------- SLAVE 1 SELECTED ------------------------------------------------->
# ** Info: All global signals are valid - Assertion 1 passed
#    Time: 15 ns Started: 5 ns  Scope: top.vif.ASSERT.unknown_value_check_1 File: apb_assertions.sv Line: 44
# ** Info: All global signals are valid - Assertion 1 passed
#    Time: 25 ns Started: 15 ns  Scope: top.vif.ASSERT.unknown_value_check_1 File: apb_assertions.sv Line: 44
# ** Info: All global signals are valid - Assertion 1 passed
#    Time: 35 ns Started: 25 ns  Scope: top.vif.ASSERT.unknown_value_check_1 File: apb_assertions.sv Line: 44
# UVM_INFO apb_scoreboard.sv(41) @ 45: uvm_test_top.apb_env.apb_scoreboard_1 [SCOREBOARD] WRITE: Addr=0x91 Data=0x14, transfer = 1
# ** Info: All signals are valid - Assertion 2 passed
#    Time: 45 ns Started: 35 ns  Scope: top.vif.ASSERT.unknown_value_check_2 File: apb_assertions.sv Line: 55
# ** Info: All global signals are valid - Assertion 1 passed
#    Time: 45 ns Started: 35 ns  Scope: top.vif.ASSERT.unknown_value_check_1 File: apb_assertions.sv Line: 44
# ** Info: The global signals are stable for 2 cycles- Assertion 3 passed
#    Time: 55 ns Started: 35 ns  Scope: top.vif.ASSERT.stablity_of_global_signals File: apb_assertions.sv Line: 77
# ** Info: All signals are valid - Assertion 2 passed
#    Time: 55 ns Started: 45 ns  Scope: top.vif.ASSERT.unknown_value_check_2 File: apb_assertions.sv Line: 55
# ** Info: All global signals are valid - Assertion 1 passed
#    Time: 55 ns Started: 45 ns  Scope: top.vif.ASSERT.unknown_value_check_1 File: apb_assertions.sv Line: 44
# ** Info: The global signals are stable for 2 cycles- Assertion 3 passed
#    Time: 65 ns Started: 45 ns  Scope: top.vif.ASSERT.stablity_of_global_signals File: apb_assertions.sv Line: 77
# ** Info: All signals are valid - Assertion 2 passed
#    Time: 65 ns Started: 55 ns  Scope: top.vif.ASSERT.unknown_value_check_2 File: apb_assertions.sv Line: 55
# ** Info: All global signals are valid - Assertion 1 passed
#    Time: 65 ns Started: 55 ns  Scope: top.vif.ASSERT.unknown_value_check_1 File: apb_assertions.sv Line: 44
# UVM_INFO apb_scoreboard.sv(46) @ 75: uvm_test_top.apb_env.apb_scoreboard_1 [SCOREBOARD] READ: Addr=0x91 Data=0xx, transfer = 1
# UVM_INFO apb_scoreboard.sv(54) @ 75: uvm_test_top.apb_env.apb_scoreboard_1 [apb_scoreboard] ---------------------------------------
# UVM_INFO apb_scoreboard.sv(55) @ 75: uvm_test_top.apb_env.apb_scoreboard_1 [apb_scoreboard] ----           TEST FAIL           ----
# UVM_INFO apb_scoreboard.sv(56) @ 75: uvm_test_top.apb_env.apb_scoreboard_1 [apb_scoreboard] ---------------------------------------
# ** Info: The global signals are stable for 2 cycles- Assertion 3 passed
#    Time: 75 ns Started: 55 ns  Scope: top.vif.ASSERT.stablity_of_global_signals File: apb_assertions.sv Line: 77
# ** Info: All signals are valid - Assertion 2 passed
#    Time: 75 ns Started: 65 ns  Scope: top.vif.ASSERT.unknown_value_check_2 File: apb_assertions.sv Line: 55
# ** Info: All global signals are valid - Assertion 1 passed
#    Time: 75 ns Started: 65 ns  Scope: top.vif.ASSERT.unknown_value_check_1 File: apb_assertions.sv Line: 44
# 
# <-------------------------------------------- SLAVE 1 SELECTED ------------------------------------------------->
# ** Info: Data out is not unknown - Assertion 4 passed
#    Time: 85 ns Started: 65 ns  Scope: top.vif.ASSERT.data_out_check File: apb_assertions.sv Line: 88
# ** Info: The global signals are stable for 2 cycles- Assertion 3 passed
#    Time: 85 ns Started: 65 ns  Scope: top.vif.ASSERT.stablity_of_global_signals File: apb_assertions.sv Line: 77
# ** Info: All signals are valid - Assertion 2 passed
#    Time: 85 ns Started: 75 ns  Scope: top.vif.ASSERT.unknown_value_check_2 File: apb_assertions.sv Line: 55
# ** Info: All global signals are valid - Assertion 1 passed
#    Time: 85 ns Started: 75 ns  Scope: top.vif.ASSERT.unknown_value_check_1 File: apb_assertions.sv Line: 44
# ** Info: Data out is not unknown - Assertion 4 passed
#    Time: 95 ns Started: 75 ns  Scope: top.vif.ASSERT.data_out_check File: apb_assertions.sv Line: 88
# ** Error: Assertion 3 failed -global signals are not stble
#    Time: 95 ns Started: 75 ns  Scope: top.vif.ASSERT.stablity_of_global_signals File: apb_assertions.sv Line: 79 Expr: READ_WRITE==1
# ** Info: All signals are valid - Assertion 2 passed
#    Time: 95 ns Started: 85 ns  Scope: top.vif.ASSERT.unknown_value_check_2 File: apb_assertions.sv Line: 55
# ** Info: All global signals are valid - Assertion 1 passed
#    Time: 95 ns Started: 85 ns  Scope: top.vif.ASSERT.unknown_value_check_1 File: apb_assertions.sv Line: 44
# UVM_INFO apb_scoreboard.sv(41) @ 105: uvm_test_top.apb_env.apb_scoreboard_1 [SCOREBOARD] WRITE: Addr=0xdd Data=0xe9, transfer = 1
# ** Info: Data out is not unknown - Assertion 4 passed
#    Time: 105 ns Started: 85 ns  Scope: top.vif.ASSERT.data_out_check File: apb_assertions.sv Line: 88
# ** Info: The global signals are stable for 2 cycles- Assertion 3 passed
#    Time: 105 ns Started: 85 ns  Scope: top.vif.ASSERT.stablity_of_global_signals File: apb_assertions.sv Line: 77
# ** Info: All signals are valid - Assertion 2 passed
#    Time: 105 ns Started: 95 ns  Scope: top.vif.ASSERT.unknown_value_check_2 File: apb_assertions.sv Line: 55
# ** Info: All global signals are valid - Assertion 1 passed
#    Time: 105 ns Started: 95 ns  Scope: top.vif.ASSERT.unknown_value_check_1 File: apb_assertions.sv Line: 44
# ** Info: The global signals are stable for 2 cycles- Assertion 3 passed
#    Time: 115 ns Started: 95 ns  Scope: top.vif.ASSERT.stablity_of_global_signals File: apb_assertions.sv Line: 77
# ** Info: All signals are valid - Assertion 2 passed
#    Time: 115 ns Started: 105 ns  Scope: top.vif.ASSERT.unknown_value_check_2 File: apb_assertions.sv Line: 55
# ** Info: All global signals are valid - Assertion 1 passed
#    Time: 115 ns Started: 105 ns  Scope: top.vif.ASSERT.unknown_value_check_1 File: apb_assertions.sv Line: 44
# ** Info: The global signals are stable for 2 cycles- Assertion 3 passed
#    Time: 125 ns Started: 105 ns  Scope: top.vif.ASSERT.stablity_of_global_signals File: apb_assertions.sv Line: 77
# ** Info: All signals are valid - Assertion 2 passed
#    Time: 125 ns Started: 115 ns  Scope: top.vif.ASSERT.unknown_value_check_2 File: apb_assertions.sv Line: 55
# ** Info: All global signals are valid - Assertion 1 passed
#    Time: 125 ns Started: 115 ns  Scope: top.vif.ASSERT.unknown_value_check_1 File: apb_assertions.sv Line: 44
# UVM_INFO apb_scoreboard.sv(46) @ 135: uvm_test_top.apb_env.apb_scoreboard_1 [SCOREBOARD] READ: Addr=0xdd Data=0xx, transfer = 1
# UVM_INFO apb_scoreboard.sv(54) @ 135: uvm_test_top.apb_env.apb_scoreboard_1 [apb_scoreboard] ---------------------------------------
# UVM_INFO apb_scoreboard.sv(55) @ 135: uvm_test_top.apb_env.apb_scoreboard_1 [apb_scoreboard] ----           TEST FAIL           ----
# UVM_INFO apb_scoreboard.sv(56) @ 135: uvm_test_top.apb_env.apb_scoreboard_1 [apb_scoreboard] ---------------------------------------
# ** Info: The global signals are stable for 2 cycles- Assertion 3 passed
#    Time: 135 ns Started: 115 ns  Scope: top.vif.ASSERT.stablity_of_global_signals File: apb_assertions.sv Line: 77
# ** Info: All signals are valid - Assertion 2 passed
#    Time: 135 ns Started: 125 ns  Scope: top.vif.ASSERT.unknown_value_check_2 File: apb_assertions.sv Line: 55
# ** Info: All global signals are valid - Assertion 1 passed
#    Time: 135 ns Started: 125 ns  Scope: top.vif.ASSERT.unknown_value_check_1 File: apb_assertions.sv Line: 44
# 
# <---------------------------------------------SLAVE 2 IS SELCECTED---------------------------------------------->
# ** Info: Data out is not unknown - Assertion 4 passed
#    Time: 145 ns Started: 125 ns  Scope: top.vif.ASSERT.data_out_check File: apb_assertions.sv Line: 88
# ** Info: The global signals are stable for 2 cycles- Assertion 3 passed
#    Time: 145 ns Started: 125 ns  Scope: top.vif.ASSERT.stablity_of_global_signals File: apb_assertions.sv Line: 77
# ** Info: All signals are valid - Assertion 2 passed
#    Time: 145 ns Started: 135 ns  Scope: top.vif.ASSERT.unknown_value_check_2 File: apb_assertions.sv Line: 55
# ** Info: All global signals are valid - Assertion 1 passed
#    Time: 145 ns Started: 135 ns  Scope: top.vif.ASSERT.unknown_value_check_1 File: apb_assertions.sv Line: 44
# ** Info: Data out is not unknown - Assertion 4 passed
#    Time: 155 ns Started: 135 ns  Scope: top.vif.ASSERT.data_out_check File: apb_assertions.sv Line: 88
# ** Error: Assertion 3 failed -global signals are not stble
#    Time: 155 ns Started: 135 ns  Scope: top.vif.ASSERT.stablity_of_global_signals File: apb_assertions.sv Line: 79 Expr: READ_WRITE==1
# ** Info: All signals are valid - Assertion 2 passed
#    Time: 155 ns Started: 145 ns  Scope: top.vif.ASSERT.unknown_value_check_2 File: apb_assertions.sv Line: 55
# ** Info: All global signals are valid - Assertion 1 passed
#    Time: 155 ns Started: 145 ns  Scope: top.vif.ASSERT.unknown_value_check_1 File: apb_assertions.sv Line: 44
# UVM_INFO apb_scoreboard.sv(41) @ 165: uvm_test_top.apb_env.apb_scoreboard_1 [SCOREBOARD] WRITE: Addr=0x181 Data=0xb3, transfer = 1
# ** Info: Data out is not unknown - Assertion 4 passed
#    Time: 165 ns Started: 145 ns  Scope: top.vif.ASSERT.data_out_check File: apb_assertions.sv Line: 88
# ** Info: The global signals are stable for 2 cycles- Assertion 3 passed
#    Time: 165 ns Started: 145 ns  Scope: top.vif.ASSERT.stablity_of_global_signals File: apb_assertions.sv Line: 77
# ** Info: All signals are valid - Assertion 2 passed
#    Time: 165 ns Started: 155 ns  Scope: top.vif.ASSERT.unknown_value_check_2 File: apb_assertions.sv Line: 55
# ** Info: All global signals are valid - Assertion 1 passed
#    Time: 165 ns Started: 155 ns  Scope: top.vif.ASSERT.unknown_value_check_1 File: apb_assertions.sv Line: 44
# ** Info: The global signals are stable for 2 cycles- Assertion 3 passed
#    Time: 175 ns Started: 155 ns  Scope: top.vif.ASSERT.stablity_of_global_signals File: apb_assertions.sv Line: 77
# ** Info: All signals are valid - Assertion 2 passed
#    Time: 175 ns Started: 165 ns  Scope: top.vif.ASSERT.unknown_value_check_2 File: apb_assertions.sv Line: 55
# ** Info: All global signals are valid - Assertion 1 passed
#    Time: 175 ns Started: 165 ns  Scope: top.vif.ASSERT.unknown_value_check_1 File: apb_assertions.sv Line: 44
# ** Error: Assertion 3 failed -global signals are not stble
#    Time: 185 ns Started: 165 ns  Scope: top.vif.ASSERT.stablity_of_global_signals File: apb_assertions.sv Line: 79 Expr: apb_read_paddr==$past(apb_read_paddr,1)
# ** Info: All signals are valid - Assertion 2 passed
#    Time: 185 ns Started: 175 ns  Scope: top.vif.ASSERT.unknown_value_check_2 File: apb_assertions.sv Line: 55
# ** Info: All global signals are valid - Assertion 1 passed
#    Time: 185 ns Started: 175 ns  Scope: top.vif.ASSERT.unknown_value_check_1 File: apb_assertions.sv Line: 44
# UVM_INFO apb_scoreboard.sv(46) @ 195: uvm_test_top.apb_env.apb_scoreboard_1 [SCOREBOARD] READ: Addr=0x181 Data=0xx, transfer = 1
# UVM_INFO apb_scoreboard.sv(54) @ 195: uvm_test_top.apb_env.apb_scoreboard_1 [apb_scoreboard] ---------------------------------------
# UVM_INFO apb_scoreboard.sv(55) @ 195: uvm_test_top.apb_env.apb_scoreboard_1 [apb_scoreboard] ----           TEST FAIL           ----
# UVM_INFO apb_scoreboard.sv(56) @ 195: uvm_test_top.apb_env.apb_scoreboard_1 [apb_scoreboard] ---------------------------------------
# ** Info: The global signals are stable for 2 cycles- Assertion 3 passed
#    Time: 195 ns Started: 175 ns  Scope: top.vif.ASSERT.stablity_of_global_signals File: apb_assertions.sv Line: 77
# ** Info: All signals are valid - Assertion 2 passed
#    Time: 195 ns Started: 185 ns  Scope: top.vif.ASSERT.unknown_value_check_2 File: apb_assertions.sv Line: 55
# ** Info: All global signals are valid - Assertion 1 passed
#    Time: 195 ns Started: 185 ns  Scope: top.vif.ASSERT.unknown_value_check_1 File: apb_assertions.sv Line: 44
# 
# <---------------------------------------------SLAVE 2 IS SELCECTED---------------------------------------------->
# ** Info: Data out is not unknown - Assertion 4 passed
#    Time: 205 ns Started: 185 ns  Scope: top.vif.ASSERT.data_out_check File: apb_assertions.sv Line: 88
# ** Info: The global signals are stable for 2 cycles- Assertion 3 passed
#    Time: 205 ns Started: 185 ns  Scope: top.vif.ASSERT.stablity_of_global_signals File: apb_assertions.sv Line: 77
# ** Info: All signals are valid - Assertion 2 passed
#    Time: 205 ns Started: 195 ns  Scope: top.vif.ASSERT.unknown_value_check_2 File: apb_assertions.sv Line: 55
# ** Info: All global signals are valid - Assertion 1 passed
#    Time: 205 ns Started: 195 ns  Scope: top.vif.ASSERT.unknown_value_check_1 File: apb_assertions.sv Line: 44
# ** Info: Data out is not unknown - Assertion 4 passed
#    Time: 215 ns Started: 195 ns  Scope: top.vif.ASSERT.data_out_check File: apb_assertions.sv Line: 88
# ** Info: The global signals are stable for 2 cycles- Assertion 3 passed
#    Time: 215 ns Started: 195 ns  Scope: top.vif.ASSERT.stablity_of_global_signals File: apb_assertions.sv Line: 77
# ** Info: All signals are valid - Assertion 2 passed
#    Time: 215 ns Started: 205 ns  Scope: top.vif.ASSERT.unknown_value_check_2 File: apb_assertions.sv Line: 55
# ** Info: All global signals are valid - Assertion 1 passed
#    Time: 215 ns Started: 205 ns  Scope: top.vif.ASSERT.unknown_value_check_1 File: apb_assertions.sv Line: 44
# UVM_INFO apb_scoreboard.sv(41) @ 225: uvm_test_top.apb_env.apb_scoreboard_1 [SCOREBOARD] WRITE: Addr=0x1e8 Data=0x56, transfer = 1
# ** Info: Data out is not unknown - Assertion 4 passed
#    Time: 225 ns Started: 205 ns  Scope: top.vif.ASSERT.data_out_check File: apb_assertions.sv Line: 88
# ** Info: The global signals are stable for 2 cycles- Assertion 3 passed
#    Time: 225 ns Started: 205 ns  Scope: top.vif.ASSERT.stablity_of_global_signals File: apb_assertions.sv Line: 77
# ** Info: All signals are valid - Assertion 2 passed
#    Time: 225 ns Started: 215 ns  Scope: top.vif.ASSERT.unknown_value_check_2 File: apb_assertions.sv Line: 55
# ** Info: All global signals are valid - Assertion 1 passed
#    Time: 225 ns Started: 215 ns  Scope: top.vif.ASSERT.unknown_value_check_1 File: apb_assertions.sv Line: 44
# ** Info: The global signals are stable for 2 cycles- Assertion 3 passed
#    Time: 235 ns Started: 215 ns  Scope: top.vif.ASSERT.stablity_of_global_signals File: apb_assertions.sv Line: 77
# ** Info: All signals are valid - Assertion 2 passed
#    Time: 235 ns Started: 225 ns  Scope: top.vif.ASSERT.unknown_value_check_2 File: apb_assertions.sv Line: 55
# ** Info: All global signals are valid - Assertion 1 passed
#    Time: 235 ns Started: 225 ns  Scope: top.vif.ASSERT.unknown_value_check_1 File: apb_assertions.sv Line: 44
# ** Info: The global signals are stable for 2 cycles- Assertion 3 passed
#    Time: 245 ns Started: 225 ns  Scope: top.vif.ASSERT.stablity_of_global_signals File: apb_assertions.sv Line: 77
# ** Info: All signals are valid - Assertion 2 passed
#    Time: 245 ns Started: 235 ns  Scope: top.vif.ASSERT.unknown_value_check_2 File: apb_assertions.sv Line: 55
# ** Info: All global signals are valid - Assertion 1 passed
#    Time: 245 ns Started: 235 ns  Scope: top.vif.ASSERT.unknown_value_check_1 File: apb_assertions.sv Line: 44
# UVM_INFO apb_scoreboard.sv(46) @ 255: uvm_test_top.apb_env.apb_scoreboard_1 [SCOREBOARD] READ: Addr=0x1e8 Data=0xx, transfer = 1
# UVM_INFO apb_scoreboard.sv(54) @ 255: uvm_test_top.apb_env.apb_scoreboard_1 [apb_scoreboard] ---------------------------------------
# UVM_INFO apb_scoreboard.sv(55) @ 255: uvm_test_top.apb_env.apb_scoreboard_1 [apb_scoreboard] ----           TEST FAIL           ----
# UVM_INFO apb_scoreboard.sv(56) @ 255: uvm_test_top.apb_env.apb_scoreboard_1 [apb_scoreboard] ---------------------------------------
# ** Info: The global signals are stable for 2 cycles- Assertion 3 passed
#    Time: 255 ns Started: 235 ns  Scope: top.vif.ASSERT.stablity_of_global_signals File: apb_assertions.sv Line: 77
# ** Info: All signals are valid - Assertion 2 passed
#    Time: 255 ns Started: 245 ns  Scope: top.vif.ASSERT.unknown_value_check_2 File: apb_assertions.sv Line: 55
# ** Info: All global signals are valid - Assertion 1 passed
#    Time: 255 ns Started: 245 ns  Scope: top.vif.ASSERT.unknown_value_check_1 File: apb_assertions.sv Line: 44
# 
# <--------------------------------------------------TRANSFER = 0 STARTED-------------------------------------------> 
# ** Info: Data out is not unknown - Assertion 4 passed
#    Time: 265 ns Started: 245 ns  Scope: top.vif.ASSERT.data_out_check File: apb_assertions.sv Line: 88
# ** Info: The global signals are stable for 2 cycles- Assertion 3 passed
#    Time: 265 ns Started: 245 ns  Scope: top.vif.ASSERT.stablity_of_global_signals File: apb_assertions.sv Line: 77
# ** Info: All signals are valid - Assertion 2 passed
#    Time: 265 ns Started: 255 ns  Scope: top.vif.ASSERT.unknown_value_check_2 File: apb_assertions.sv Line: 55
# ** Info: All global signals are valid - Assertion 1 passed
#    Time: 265 ns Started: 255 ns  Scope: top.vif.ASSERT.unknown_value_check_1 File: apb_assertions.sv Line: 44
# ** Error: Assertion 3 failed -global signals are not stble
#    Time: 275 ns Started: 255 ns  Scope: top.vif.ASSERT.stablity_of_global_signals File: apb_assertions.sv Line: 79 Expr: READ_WRITE==1
# ** Info: Data out is not unknown - Assertion 4 passed
#    Time: 275 ns Started: 255 ns  Scope: top.vif.ASSERT.data_out_check File: apb_assertions.sv Line: 88
# ** Info: All signals are valid - Assertion 2 passed
#    Time: 275 ns Started: 265 ns  Scope: top.vif.ASSERT.unknown_value_check_2 File: apb_assertions.sv Line: 55
# ** Info: All global signals are valid - Assertion 1 passed
#    Time: 275 ns Started: 265 ns  Scope: top.vif.ASSERT.unknown_value_check_1 File: apb_assertions.sv Line: 44
# ** Info: The global signals are stable for 2 cycles- Assertion 3 passed
#    Time: 285 ns Started: 265 ns  Scope: top.vif.ASSERT.stablity_of_global_signals File: apb_assertions.sv Line: 77
# ** Info: Data out is not unknown - Assertion 4 passed
#    Time: 285 ns Started: 265 ns  Scope: top.vif.ASSERT.data_out_check File: apb_assertions.sv Line: 88
# ** Info: All global signals are valid - Assertion 1 passed
#    Time: 285 ns Started: 275 ns  Scope: top.vif.ASSERT.unknown_value_check_1 File: apb_assertions.sv Line: 44
# ** Info: All global signals are valid - Assertion 1 passed
#    Time: 295 ns Started: 285 ns  Scope: top.vif.ASSERT.unknown_value_check_1 File: apb_assertions.sv Line: 44
# ** Info: All global signals are valid - Assertion 1 passed
#    Time: 305 ns Started: 295 ns  Scope: top.vif.ASSERT.unknown_value_check_1 File: apb_assertions.sv Line: 44
# UVM_INFO apb_scoreboard.sv(64) @ 315: uvm_test_top.apb_env.apb_scoreboard_1 [SCOREBOARD] READ: Addr=0x1c9 Data=0xx, transfer = 0
# UVM_INFO apb_scoreboard.sv(72) @ 315: uvm_test_top.apb_env.apb_scoreboard_1 [apb_scoreboard] ---------------------------------------
# UVM_INFO apb_scoreboard.sv(73) @ 315: uvm_test_top.apb_env.apb_scoreboard_1 [apb_scoreboard] ----           TEST FAIL           ----
# UVM_INFO apb_scoreboard.sv(74) @ 315: uvm_test_top.apb_env.apb_scoreboard_1 [apb_scoreboard] ---------------------------------------
# ** Info: All global signals are valid - Assertion 1 passed
#    Time: 315 ns Started: 305 ns  Scope: top.vif.ASSERT.unknown_value_check_1 File: apb_assertions.sv Line: 44
# <--------------------------------------------------TRANSFER = 0 ENDED--------------------------------------------->
# 
# <-------------------------------------------------MID TRANSFER STARTED-------------------------------------------->
# ** Info: All global signals are valid - Assertion 1 passed
#    Time: 325 ns Started: 315 ns  Scope: top.vif.ASSERT.unknown_value_check_1 File: apb_assertions.sv Line: 44
# ** Info: All global signals are valid - Assertion 1 passed
#    Time: 335 ns Started: 325 ns  Scope: top.vif.ASSERT.unknown_value_check_1 File: apb_assertions.sv Line: 44
# UVM_INFO apb_scoreboard.sv(41) @ 345: uvm_test_top.apb_env.apb_scoreboard_1 [SCOREBOARD] WRITE: Addr=0x4 Data=0xb0, transfer = 1
# ** Info: All signals are valid - Assertion 2 passed
#    Time: 345 ns Started: 335 ns  Scope: top.vif.ASSERT.unknown_value_check_2 File: apb_assertions.sv Line: 55
# ** Info: All global signals are valid - Assertion 1 passed
#    Time: 345 ns Started: 335 ns  Scope: top.vif.ASSERT.unknown_value_check_1 File: apb_assertions.sv Line: 44
# ** Info: The global signals are stable for 2 cycles- Assertion 3 passed
#    Time: 355 ns Started: 335 ns  Scope: top.vif.ASSERT.stablity_of_global_signals File: apb_assertions.sv Line: 77
# ** Info: All signals are valid - Assertion 2 passed
#    Time: 355 ns Started: 345 ns  Scope: top.vif.ASSERT.unknown_value_check_2 File: apb_assertions.sv Line: 55
# ** Info: All global signals are valid - Assertion 1 passed
#    Time: 355 ns Started: 345 ns  Scope: top.vif.ASSERT.unknown_value_check_1 File: apb_assertions.sv Line: 44
# ** Info: The global signals are stable for 2 cycles- Assertion 3 passed
#    Time: 365 ns Started: 345 ns  Scope: top.vif.ASSERT.stablity_of_global_signals File: apb_assertions.sv Line: 77
# ** Info: All signals are valid - Assertion 2 passed
#    Time: 365 ns Started: 355 ns  Scope: top.vif.ASSERT.unknown_value_check_2 File: apb_assertions.sv Line: 55
# ** Info: All global signals are valid - Assertion 1 passed
#    Time: 365 ns Started: 355 ns  Scope: top.vif.ASSERT.unknown_value_check_1 File: apb_assertions.sv Line: 44
# UVM_INFO apb_scoreboard.sv(46) @ 375: uvm_test_top.apb_env.apb_scoreboard_1 [SCOREBOARD] READ: Addr=0x4 Data=0xb0, transfer = 1
# UVM_INFO apb_scoreboard.sv(48) @ 375: uvm_test_top.apb_env.apb_scoreboard_1 [apb_scoreboard] ---------------------------------------
# UVM_INFO apb_scoreboard.sv(49) @ 375: uvm_test_top.apb_env.apb_scoreboard_1 [apb_scoreboard] ----           TEST PASS           ----
# UVM_INFO apb_scoreboard.sv(50) @ 375: uvm_test_top.apb_env.apb_scoreboard_1 [apb_scoreboard] ---------------------------------------
# ** Info: The global signals are stable for 2 cycles- Assertion 3 passed
#    Time: 375 ns Started: 355 ns  Scope: top.vif.ASSERT.stablity_of_global_signals File: apb_assertions.sv Line: 77
# ** Info: All signals are valid - Assertion 2 passed
#    Time: 375 ns Started: 365 ns  Scope: top.vif.ASSERT.unknown_value_check_2 File: apb_assertions.sv Line: 55
# ** Info: All global signals are valid - Assertion 1 passed
#    Time: 375 ns Started: 365 ns  Scope: top.vif.ASSERT.unknown_value_check_1 File: apb_assertions.sv Line: 44
# ** Info: Data out is not unknown - Assertion 4 passed
#    Time: 385 ns Started: 365 ns  Scope: top.vif.ASSERT.data_out_check File: apb_assertions.sv Line: 88
# ** Info: The global signals are stable for 2 cycles- Assertion 3 passed
#    Time: 385 ns Started: 365 ns  Scope: top.vif.ASSERT.stablity_of_global_signals File: apb_assertions.sv Line: 77
# ** Info: All signals are valid - Assertion 2 passed
#    Time: 385 ns Started: 375 ns  Scope: top.vif.ASSERT.unknown_value_check_2 File: apb_assertions.sv Line: 55
# ** Info: All global signals are valid - Assertion 1 passed
#    Time: 385 ns Started: 375 ns  Scope: top.vif.ASSERT.unknown_value_check_1 File: apb_assertions.sv Line: 44
# ** Info: The global signals are stable for 2 cycles- Assertion 3 passed
#    Time: 395 ns Started: 375 ns  Scope: top.vif.ASSERT.stablity_of_global_signals File: apb_assertions.sv Line: 77
# ** Info: Data out is not unknown - Assertion 4 passed
#    Time: 395 ns Started: 375 ns  Scope: top.vif.ASSERT.data_out_check File: apb_assertions.sv Line: 88
# ** Info: All signals are valid - Assertion 2 passed
#    Time: 395 ns Started: 385 ns  Scope: top.vif.ASSERT.unknown_value_check_2 File: apb_assertions.sv Line: 55
# ** Info: All global signals are valid - Assertion 1 passed
#    Time: 395 ns Started: 385 ns  Scope: top.vif.ASSERT.unknown_value_check_1 File: apb_assertions.sv Line: 44
# ** Info: The global signals are stable for 2 cycles- Assertion 3 passed
#    Time: 405 ns Started: 385 ns  Scope: top.vif.ASSERT.stablity_of_global_signals File: apb_assertions.sv Line: 77
# ** Info: Data out is not unknown - Assertion 4 passed
#    Time: 405 ns Started: 385 ns  Scope: top.vif.ASSERT.data_out_check File: apb_assertions.sv Line: 88
# ** Info: All global signals are valid - Assertion 1 passed
#    Time: 405 ns Started: 395 ns  Scope: top.vif.ASSERT.unknown_value_check_1 File: apb_assertions.sv Line: 44
# ** Info: All global signals are valid - Assertion 1 passed
#    Time: 415 ns Started: 405 ns  Scope: top.vif.ASSERT.unknown_value_check_1 File: apb_assertions.sv Line: 44
# ** Info: All global signals are valid - Assertion 1 passed
#    Time: 425 ns Started: 415 ns  Scope: top.vif.ASSERT.unknown_value_check_1 File: apb_assertions.sv Line: 44
# UVM_INFO apb_scoreboard.sv(64) @ 435: uvm_test_top.apb_env.apb_scoreboard_1 [SCOREBOARD] READ: Addr=0x1 Data=0xb0, transfer = 0
# UVM_INFO apb_scoreboard.sv(66) @ 435: uvm_test_top.apb_env.apb_scoreboard_1 [apb_scoreboard] ---------------------------------------
# UVM_INFO apb_scoreboard.sv(67) @ 435: uvm_test_top.apb_env.apb_scoreboard_1 [apb_scoreboard] ----           TEST PASS           ----
# UVM_INFO apb_scoreboard.sv(68) @ 435: uvm_test_top.apb_env.apb_scoreboard_1 [apb_scoreboard] ---------------------------------------
# ** Info: All global signals are valid - Assertion 1 passed
#    Time: 435 ns Started: 425 ns  Scope: top.vif.ASSERT.unknown_value_check_1 File: apb_assertions.sv Line: 44
# ** Info: All global signals are valid - Assertion 1 passed
#    Time: 445 ns Started: 435 ns  Scope: top.vif.ASSERT.unknown_value_check_1 File: apb_assertions.sv Line: 44
# ** Info: All global signals are valid - Assertion 1 passed
#    Time: 455 ns Started: 445 ns  Scope: top.vif.ASSERT.unknown_value_check_1 File: apb_assertions.sv Line: 44
# UVM_INFO apb_scoreboard.sv(41) @ 465: uvm_test_top.apb_env.apb_scoreboard_1 [SCOREBOARD] WRITE: Addr=0x5 Data=0x31, transfer = 1
# ** Info: All signals are valid - Assertion 2 passed
#    Time: 465 ns Started: 455 ns  Scope: top.vif.ASSERT.unknown_value_check_2 File: apb_assertions.sv Line: 55
# ** Info: All global signals are valid - Assertion 1 passed
#    Time: 465 ns Started: 455 ns  Scope: top.vif.ASSERT.unknown_value_check_1 File: apb_assertions.sv Line: 44
# ** Info: The global signals are stable for 2 cycles- Assertion 3 passed
#    Time: 475 ns Started: 455 ns  Scope: top.vif.ASSERT.stablity_of_global_signals File: apb_assertions.sv Line: 77
# ** Info: All signals are valid - Assertion 2 passed
#    Time: 475 ns Started: 465 ns  Scope: top.vif.ASSERT.unknown_value_check_2 File: apb_assertions.sv Line: 55
# ** Info: All global signals are valid - Assertion 1 passed
#    Time: 475 ns Started: 465 ns  Scope: top.vif.ASSERT.unknown_value_check_1 File: apb_assertions.sv Line: 44
# ** Error: Assertion 3 failed -global signals are not stble
#    Time: 485 ns Started: 465 ns  Scope: top.vif.ASSERT.stablity_of_global_signals File: apb_assertions.sv Line: 79 Expr: apb_read_paddr==$past(apb_read_paddr,1)
# ** Info: All signals are valid - Assertion 2 passed
#    Time: 485 ns Started: 475 ns  Scope: top.vif.ASSERT.unknown_value_check_2 File: apb_assertions.sv Line: 55
# ** Info: All global signals are valid - Assertion 1 passed
#    Time: 485 ns Started: 475 ns  Scope: top.vif.ASSERT.unknown_value_check_1 File: apb_assertions.sv Line: 44
# UVM_INFO apb_scoreboard.sv(46) @ 495: uvm_test_top.apb_env.apb_scoreboard_1 [SCOREBOARD] READ: Addr=0x5 Data=0x31, transfer = 1
# UVM_INFO apb_scoreboard.sv(48) @ 495: uvm_test_top.apb_env.apb_scoreboard_1 [apb_scoreboard] ---------------------------------------
# UVM_INFO apb_scoreboard.sv(49) @ 495: uvm_test_top.apb_env.apb_scoreboard_1 [apb_scoreboard] ----           TEST PASS           ----
# UVM_INFO apb_scoreboard.sv(50) @ 495: uvm_test_top.apb_env.apb_scoreboard_1 [apb_scoreboard] ---------------------------------------
# ** Info: The global signals are stable for 2 cycles- Assertion 3 passed
#    Time: 495 ns Started: 475 ns  Scope: top.vif.ASSERT.stablity_of_global_signals File: apb_assertions.sv Line: 77
# ** Info: All signals are valid - Assertion 2 passed
#    Time: 495 ns Started: 485 ns  Scope: top.vif.ASSERT.unknown_value_check_2 File: apb_assertions.sv Line: 55
# ** Info: All global signals are valid - Assertion 1 passed
#    Time: 495 ns Started: 485 ns  Scope: top.vif.ASSERT.unknown_value_check_1 File: apb_assertions.sv Line: 44
# <----------------------------------------------------MID TRANSFER ENDED--------------------------------------------->
# UVM_INFO verilog_src/uvm-1.1d/src/base/uvm_objection.svh(1268) @ 505: reporter [TEST_DONE] 'run' phase is ready to proceed to the 'extract' phase
# UVM_INFO apb_subscriber.sv(67) @ 505: uvm_test_top.apb_env.apb_coverage_1 [apb_coverage] [input] Coverage ------> 84.38%,
# UVM_INFO apb_subscriber.sv(68) @ 505: uvm_test_top.apb_env.apb_coverage_1 [apb_coverage] [output] Coverage ------> 25.39%
# Passes = 3 | Fails = 5
# 
# --- UVM Report Summary ---
# 
# ** Report counts by severity
# UVM_INFO :   46
# UVM_WARNING :    0
# UVM_ERROR :    0
# UVM_FATAL :    0
# ** Report counts by id
# [ENV]     1
# [Questa UVM]     2
# [RNTST]     1
# [SCOREBOARD]    14
# [TEST_DONE]     1
# [UVMTOP]     1
# [apb_coverage]     2
# [apb_scoreboard]    24
# ** Note: $finish    : /tools/mentor/questasim_10.6c/questasim/linux/../verilog_src/uvm-1.1d/src/base/uvm_root.svh(430)
#    Time: 505 ns  Iteration: 70  Instance: /top
# Saving coverage database on exit...
# End time: 00:30:07 on Sep 25,2025, Elapsed time: 0:00:04
# Errors: 5, Warnings: 5
